---
source: crates/safix/src/reporter.rs
expression: render_graphical(&refusal)
---
safix::bitwarden_unavailable

  × could not run bw, so no bitwarden mapping was judged and nothing was
  │ written on either side.
  │ 
  │ safix drives the vault through the client an operator already logged in
  │ with; it speaks no vault protocol of its own. Install the client, or point
  │ safix at the one you have:
  │ 
  │     SAFIX_BW=/path/to/bw safix sync bitwarden
  ╰─▶ entity not found
