---
source: crates/safix/src/reporter.rs
expression: render_graphical(&refusal)
---
safix::unknown_subcommand

  × unknown subcommand 'rotate' (expected set, edit, get, list, generate,
  │ check, fix, audit, sync, keygen, adduser, enroll, group or upload)
  help: `safix <subcommand> -h` explains one of them.
