---
source: crates/safix/src/reporter.rs
expression: render_graphical(&refusal)
---
safix::refusal

  × --host was given and flake.safix.onboardingHook is unset.
  │ 
  │ safix scaffolds a person's custody declaration and regenerates the
  │ recipient
  │ policy. Attaching an account on a host is not one of those: allocating an
  │ identifier, writing a per-host account module and editing that host's
  │ imports
  │ are all properties of one consumer's module tree, and safix has no way to
  │ know
  │ its shape.
  │ 
  │ Set the hook, which receives the name, the recipient and every --host
  │ given,
  │ and runs after the scaffolding is committed:
  │ 
  │     flake.safix.onboardingHook = ''
  │       name="$1"
  │       recipient="$2"
  │       shift 2
  │       for host in "$@"; do ... ; done
  │     '';
  │ 
  │ Or drop --host: onboarding without it succeeds, having done less.
