---
source: crates/safix/src/reporter.rs
expression: render_graphical(&refusal)
---
safix::not_ported

  × `safix set` is not ported to the rust runtime yet
  help: the shell runtime is the one that ships: run the flake's `safix`
        package. This binary is `safix-rs`, and it takes over one subcommand
        at a time as each passes the differential harness.
