---
source: crates/safix/src/reporter.rs
expression: render_plain(&refusal)
---
safix: clan would not register the card as ana's key:
Error: user ana already exists

The identity, the recipient and the re-wrap are committed on the safix side. clan owns its own store, so the registration is clan's to accept and safix writes nothing into it directly.
