---
source: crates/safix/src/reporter.rs
expression: render_plain(&refusal)
---
safix: the mapping 'ntfy-token' is declared safix-to-clan, not clan-to-safix.

--direction clan-to-safix narrows the run to mappings declared with that
value; 'ntfy-token' is declared safix-to-clan instead. Drop --direction to
act on it, or narrow to its own direction with --direction safix-to-clan.
