---
source: crates/safix/src/reporter.rs
expression: render_graphical(&refusal)
---
safix::database_unreadable

  × /home/alice/.keys/master.kdbx did not open, so no mapping was judged and
  │ nothing was written.
  │ 
  │ A wrong password and an unreadable file present the same way here, and the
  │ store's own message below is what tells them apart.
  │ 
  │ Invalid credentials were provided, please try again.
