---
source: crates/safix/src/reporter.rs
expression: render_plain(&refusal)
---
safix: the mapping sources the field 'notes' from the entry 'grafana-note', and keepassxc
carries that field in an argument vector. The entry's value is a secret, and a
secret value travels standard input or a pipe — never an argument vector, where
every process on the host can read it. Nothing was written.

Either write the field as a literal in the declaration, which is evaluated into
the world-readable store and is therefore not a secret, or declare it on a
target whose channel for that field is a pipe.
