---
source: crates/safix/src/reporter.rs
expression: render_graphical(&refusal)
---
safix::onepassword_vault_absent

  × the mapping 'grafana' names the vault 'fixture-vault', and this session
  │ cannot see
  │ a vault by that name. Nothing was read and nothing was written for it.
  │ 
  │ This is not the absent-item refusal and its remedy is not the same one: an
  │ item that is not there is written by a pushing mode, where a vault that is
  │ not reachable is a permission. A service account reaches exactly the
  │ vaults
  │ it was granted and cannot reach a built-in Private, Personal or Employee
  │ vault at all, so grant it that vault or name one it already has.
  │ 
  │ The command said:
  │ 
  │ [ERROR] 2026/09/16 12:00:00 "fixture-vault" isn't a vault in this account.
  │ Specify the vault with its ID or name
