---
source: crates/safix/src/reporter.rs
expression: render_graphical(&refusal)
---
safix::supplied_identity_mismatch

  × the identity at /home/alice/deck-host-key derives to
  │ age1eeeeeeeeeeeeeeeeeeeeeeeeeeeeeeeeeeeeeeeeeeeeeeeeeeeeeeeeee, which is
  │ not deck's declared recipient
  │ age1dddddddddddddddddddddddddddddddddddddddddddddddddddddddddd. Seeding it
  │ would not match what deck's audience is already wrapped to.
