---
source: crates/safix/src/reporter.rs
expression: render_graphical(&refusal)
---
safix::vault_relocation_unreadable

  × secrets/safix/users/alice/secrets.yaml did not decrypt under key api-token
  │ while relocating it; nothing there was changed, and re-running fix
  │ completes it once the cause is fixed.
