---
source: crates/safix/src/reporter.rs
expression: render_graphical(&refusal)
---
safix::onepassword_unavailable

  × could not run op, so no 1password mapping was judged and nothing was
  │ written on either side.
  │ 
  │ safix reaches the service only through its own command, under whatever
  │ session the operator already established; it speaks no 1Password protocol
  │ and signs nothing in. No check of this repository runs the real command
  │ either — the package is unfree, there is no self-hostable server, and
  │ every
  │ authentication path needs the network. Install it, or point safix at the
  │ one
  │ you have:
  │ 
  │     SAFIX_OP=/path/to/op safix sync 1password
  ╰─▶ entity not found
