---
source: crates/safix/src/reporter.rs
expression: render_graphical(&refusal)
---
safix::onepassword_command_failed

  × the 1Password command refused over the item 'fixture-vault/grafana'. That
  │ mapping is refused
  │ and the rest of the run went on, so the report is complete over the
  │ declarations.
  │ 
  │ It was run as:
  │ 
  │     op item edit grafana --vault fixture-vault -
  │ 
  │ No value and no field is in that line, by construction: the whole item
  │ travels standard input as one JSON object, and safix never spells a
  │ field=value assignment — the service's own documentation says such a
  │ statement is recorded in shell history and can be visible to other
  │ processes. The command said:
  │ 
  │ [ERROR] 2026/09/16 12:00:00 the service is unavailable
