---
source: crates/safix/src/reporter.rs
expression: render_graphical(&refusal)
---
safix::unknown_subcommand

  × unknown subcommand 'rotate' (expected set, edit, get, view, list,
  │ generate, check, fix, audit, sync, keygen, adduser, enroll, group, upload
  │ or install)
  help: `safix <subcommand> -h` explains one of them.
